// Jest Snapshot v1, https://goo.gl/fbAQLP

exports[`Friends renders correctly 1`] = `
<div>
  <div
    class="container"
  >
    <div>
      <div
        class="container"
      >
        <div
          class="controls"
        >
          <button
            aria-label="filter by status"
            class="filter"
          >
            <span />
          </button>
          <span
            class="separator"
          >
            |
          </span>
          <button
            class="clear"
            disabled=""
          >
            Clear all
          </button>
        </div>
        <div
          class="container hidden"
        >
          <header
            class="header"
          >
            <div
              class="box"
            >
              <button
                class="clear"
                disabled=""
              >
                Clear all
              </button>
            </div>
            <div
              class="box"
            >
              <span
                class="title"
              >
                Filter
              </span>
            </div>
            <div
              class="box"
            >
              <button
                aria-label="close"
              >
                <span />
              </button>
            </div>
          </header>
          <div
            class="filter-container"
          >
            <p
              class="status-title"
            >
              Friend Status
            </p>
            <ul
              class="options"
            >
              <li
                class="option"
              >
                <label
                  class="option-copy"
                  for="close"
                >
                  Close Friends
                </label>
                <input
                  class="checkbox"
                  id="close"
                  name="close"
                  type="checkbox"
                />
              </li>
              <li
                class="option"
              >
                <label
                  class="option-copy"
                  for="super-close"
                >
                  Super Close Friends
                </label>
                <input
                  class="checkbox"
                  id="super-close"
                  name="super-close"
                  type="checkbox"
                />
              </li>
            </ul>
            <button
              class="apply"
            >
              Apply
            </button>
          </div>
        </div>
      </div>
      <ul>
        <div>
          <span
            class="loader"
          />
        </div>
      </ul>
    </div>
  </div>
</div>
`;
