// Jest Snapshot v1, https://goo.gl/fbAQLP

exports[`renders Loading correctly 1`] = `
<div>
  <div
    class="container"
  >
    <span
      class="loader"
    />
    <span
      class="loader"
    />
    <span
      class="loader"
    />
    <span
      class="loader"
    />
    <span
      class="loader"
    />
    <span
      class="loader"
    />
    <span
      class="loader"
    />
    <span
      class="loader"
    />
    <span
      class="loader"
    />
  </div>
</div>
`;
