// Jest Snapshot v1, https://goo.gl/fbAQLP

exports[`renders Loading correctly 1`] = `
<div>
  <div
    class="container"
  >
    <div
      class="container"
    >
      <div
        class="controls"
      >
        <button
          class="filter"
        >
          <span />
        </button>
        <span
          class="separator"
        >
          |
        </span>
        <button
          class="clear"
        >
          Clear all
        </button>
      </div>
    </div>
    <span
      class="loader"
    />
    <span
      class="loader"
    />
    <span
      class="loader"
    />
    <span
      class="loader"
    />
    <span
      class="loader"
    />
    <span
      class="loader"
    />
    <span
      class="loader"
    />
    <span
      class="loader"
    />
    <span
      class="loader"
    />
  </div>
</div>
`;
