// Jest Snapshot v1, https://goo.gl/fbAQLP

exports[`renders FriendsList correctly 1`] = `
<div>
  <ul
    class="container"
  >
    <li
      class="container"
    >
      <span
        class="name"
      >
        Jhon Smith
      </span>
      <span
        class="close"
      >
        Close Friends
      </span>
      <span
        class="metadata"
      >
        <span
          class="email"
        >
          email@gmail.com
        </span>
        <span />
      </span>
    </li>
  </ul>
</div>
`;
